# Capture start 2026-09-27T03:51:52 COM7
>>> HELP
[03:51:54.828] cmd: HELP/DIAG/FTEST/AHT*/SR*/D9*/INA*/CAL*/CFG*/AW*
[03:51:54.830] udi: CMD:OUTPUT|ILIM|GET*
>>> DIAG
[03:51:56.360] diag:fault-awint
[03:51:56.367] st f=PASS aw=PASS aht=PASS Vin=11.424 Iin=102.22 T=26.28 RH=50.02 n=2
>>> INANOW
[03:51:57.938] ina 5V 0x40: CH1 4.000V 1.00mA | CH2 4.000V 0.60mA | CH3 0.000V 0.00mA
[03:51:57.942] ina 3V3 0x41: CH1 0.000V 0.00mA | CH2 0.000V 0.00mA | CH3 11.432V 102.22mA
>>> AHTNOW
[03:51:59.575] aht20: T=26.28C RH=50.02% status=0x18
>>> CFGSHOW
[03:52:01.168] cfg d9=OFF 5V[   ] 3V3[   ]
>>> CMD:GET STATE
[03:52:02.734] cmd: unknown 'CMD:GET STATE'
[03:52:02.739] cmd: HELP/DIAG/FTEST/AHT*/SR*/D9*/INA*/CAL*/CFG*/AW*
[03:52:02.741] udi: CMD:OUTPUT|ILIM|GET*
>>> GET STATE
[03:52:04.288] cmd: unknown 'GET STATE'
[03:52:04.294] cmd: HELP/DIAG/FTEST/AHT*/SR*/D9*/INA*/CAL*/CFG*/AW*
[03:52:04.295] udi: CMD:OUTPUT|ILIM|GET*
[03:52:28.536] st f=PASS aw=PASS aht=PASS Vin=11.408 Iin=106.67 T=26.29 RH=49.94 n=2
[03:53:28.422] st f=PASS aw=PASS aht=PASS Vin=11.416 Iin=104.44 T=26.24 RH=49.99 n=2
[03:54:28.420] st f=PASS aw=PASS aht=PASS Vin=11.400 Iin=106.67 T=26.21 RH=49.99 n=2
[03:55:28.419] st f=PASS aw=PASS aht=PASS Vin=11.408 Iin=104.44 T=26.20 RH=50.02 n=2
[03:56:28.656] st f=PASS aw=PASS aht=PASS Vin=11.416 Iin=104.44 T=26.16 RH=49.97 n=2
[03:57:28.413] st f=PASS aw=PASS aht=PASS Vin=11.392 Iin=108.89 T=26.16 RH=50.04 n=2
[03:58:28.411] st f=PASS aw=PASS aht=PASS Vin=11.392 Iin=106.67 T=26.15 RH=50.07 n=2
[03:59:28.409] st f=PASS aw=PASS aht=PASS Vin=11.400 Iin=106.67 T=26.13 RH=50.04 n=2
[04:00:28.532] st f=PASS aw=PASS aht=PASS Vin=11.416 Iin=104.44 T=26.14 RH=50.02 n=2
[04:01:28.404] st f=PASS aw=PASS aht=PASS Vin=11.416 Iin=104.44 T=26.14 RH=50.05 n=2
[04:02:28.402] st f=PASS aw=PASS aht=PASS Vin=11.416 Iin=102.22 T=26.17 RH=50.00 n=2
[04:03:28.400] st f=PASS aw=PASS aht=PASS Vin=11.424 Iin=102.22 T=26.20 RH=49.89 n=2
[04:04:28.620] st f=PASS aw=PASS aht=PASS Vin=11.408 Iin=106.67 T=26.22 RH=49.75 n=2
[04:05:28.554] st f=PASS aw=PASS aht=PASS Vin=11.408 Iin=106.67 T=26.22 RH=49.65 n=2
[04:06:28.606] st f=PASS aw=PASS aht=PASS Vin=11.408 Iin=106.67 T=26.25 RH=49.65 n=2
# Capture end 2026-09-27T04:07:06
