# Capture start 2026-09-27T03:50:42 COM7
>>> HELP
[03:50:44.511] cmd: HELP/DIAG/FTEST/AHT*/SR*/D9*/INA*/CAL*/CFG*/AW*
[03:50:44.512] udi: CMD:OUTPUT|ILIM|GET*
>>> DIAG
[03:50:46.084] diag:fault-awint
[03:50:46.091] st f=PASS aw=PASS aht=PASS Vin=11.424 Iin=102.22 T=26.32 RH=50.02 n=2
>>> INANOW
[03:50:47.668] ina 5V 0x40: CH1 4.000V 1.00mA | CH2 4.000V 0.60mA | CH3 0.000V 0.00mA
[03:50:47.674] ina 3V3 0x41: CH1 0.000V 0.00mA | CH2 0.000V 0.00mA | CH3 11.432V 102.22mA
>>> AHTNOW
[03:50:49.311] aht20: T=26.29C RH=50.01% status=0x18
>>> CFGSHOW
[03:50:50.866] cfg d9=OFF 5V[   ] 3V3[   ]
>>> CMD:GET STATE
[03:50:52.414] cmd: unknown 'CMD:GET STATE'
[03:50:52.420] cmd: HELP/DIAG/FTEST/AHT*/SR*/D9*/INA*/CAL*/CFG*/AW*
[03:50:52.422] udi: CMD:OUTPUT|ILIM|GET*
>>> GET STATE
[03:50:53.973] cmd: unknown 'GET STATE'
[03:50:53.978] cmd: HELP/DIAG/FTEST/AHT*/SR*/D9*/INA*/CAL*/CFG*/AW*
[03:50:53.980] udi: CMD:OUTPUT|ILIM|GET*
# Capture end 2026-09-27T03:51:01
