# Capture start 2026-09-27T03:41:55 COM7
>>> HELP
cmd: HELP/DIAG/FTEST/AHT*/SR*/D9*/INA*/CAL*/CFG*/AW*
udi: CMD:OUTPUT|ILIM|GET*
>>> DIAG
diag:fault-awint
st f=PASS aw=PASS aht=PASS Vin=11.424 Iin=102.22 T=26.22 RH=50.23 n=1
>>> INANOW
ina 5V 0x40: CH1 4.000V 1.00mA | CH2 4.000V 0.60mA | CH3 0.000V 0.00mA
ina 3V3 0x41: CH1 0.000V 0.00mA | CH2 0.000V 0.00mA | CH3 11.424V 102.22mA
>>> AHTNOW
aht20: T=26.28C RH=50.23% status=0x18
>>> CFGSHOW
cfg d9=OFF 5V[   ] 3V3[   ]
>>> CMD:GET STATE
cmd: unknown 'CMD:GET STATE'
cmd: HELP/DIAG/FTEST/AHT*/SR*/D9*/INA*/CAL*/CFG*/AW*
udi: CMD:OUTPUT|ILIM|GET*
>>> GET STATE
cmd: unknown 'GET STATE'
cmd: HELP/DIAG/FTEST/AHT*/SR*/D9*/INA*/CAL*/CFG*/AW*
udi: CMD:OUTPUT|ILIM|GET*
# Capture end 2026-09-27T03:42:12
